2026-08-04 21:47:26,346 - aqt.main - INFO - installer 126754838396928 aqtinstall(aqt) v3.3.0 on Python 3.10.12 [CPython GCC 11.4.0]
2026-08-04 21:47:26,348 - aqt.helper - DEBUG - helper 126754838396928 Attempt to download checksum at https://download.qt.io/online/qtsdkrepository/linux_x64/desktop/qt6_683/qt6_683/Updates.xml.sha256
2026-08-04 21:47:28,204 - aqt.helper - DEBUG - helper 126754838396928 Attempt to download checksum at https://download.qt.io/online/qtsdkrepository/linux_x64/extensions/qtwebengine/683/x86_64/Updates.xml.sha256
2026-08-04 21:47:29,965 - aqt.archives - INFO - archives 126754838396928 Found extension qtwebengine
2026-08-04 21:47:29,966 - aqt.helper - DEBUG - helper 126754838396928 Attempt to download checksum at https://download.qt.io/online/qtsdkrepository/linux_x64/extensions/qtpdf/683/x86_64/Updates.xml.sha256
2026-08-04 21:47:31,566 - aqt.archives - INFO - archives 126754838396928 Found extension qtpdf
2026-08-04 21:47:31,992 - aqt.helper - DEBUG - helper 129576052981760 Attempt to download checksum at https://download.qt.io/online/qtsdkrepository/linux_x64/desktop/qt6_683/qt6_683/qt.qt6.683.linux_gcc_64/6.8.3-0-202503201345qtbase-Linux-RHEL_8_10-GCC-Linux-RHEL_8_10-X86_64.7z.sha256
2026-08-04 21:47:31,993 - aqt.helper - DEBUG - helper 133234074972160 Attempt to download checksum at https://download.qt.io/online/qtsdkrepository/linux_x64/desktop/qt6_683/qt6_683/qt.qt6.683.linux_gcc_64/6.8.3-0-202503201345qtsvg-Linux-RHEL_8_10-GCC-Linux-RHEL_8_10-X86_64.7z.sha256
2026-08-04 21:47:32,028 - aqt.helper - DEBUG - helper 131446400045056 Attempt to download checksum at https://download.qt.io/online/qtsdkrepository/linux_x64/desktop/qt6_683/qt6_683/qt.qt6.683.linux_gcc_64/6.8.3-0-202503201345qtdeclarative-Linux-RHEL_8_10-GCC-Linux-RHEL_8_10-X86_64.7z.sha256
2026-08-04 21:47:32,033 - aqt.helper - DEBUG - helper 134766663049216 Attempt to download checksum at https://download.qt.io/online/qtsdkrepository/linux_x64/desktop/qt6_683/qt6_683/qt.qt6.683.linux_gcc_64/6.8.3-0-202503201345qttools-Linux-RHEL_8_10-GCC-Linux-RHEL_8_10-X86_64.7z.sha256
2026-08-04 21:47:32,672 - aqt.helper - INFO - helper 133234074972160 Downloading qtsvg...
2026-08-04 21:47:32,673 - aqt.installer - DEBUG - installer 133234074972160 Download URL: https://download.qt.io/online/qtsdkrepository/linux_x64/desktop/qt6_683/qt6_683/qt.qt6.683.linux_gcc_64/6.8.3-0-202503201345qtsvg-Linux-RHEL_8_10-GCC-Linux-RHEL_8_10-X86_64.7z
2026-08-04 21:47:32,675 - aqt.helper - INFO - helper 129576052981760 Downloading qtbase...
2026-08-04 21:47:32,676 - aqt.installer - DEBUG - installer 129576052981760 Download URL: https://download.qt.io/online/qtsdkrepository/linux_x64/desktop/qt6_683/qt6_683/qt.qt6.683.linux_gcc_64/6.8.3-0-202503201345qtbase-Linux-RHEL_8_10-GCC-Linux-RHEL_8_10-X86_64.7z
2026-08-04 21:47:32,757 - aqt.helper - INFO - helper 134766663049216 Downloading qttools...
2026-08-04 21:47:32,758 - aqt.installer - DEBUG - installer 134766663049216 Download URL: https://download.qt.io/online/qtsdkrepository/linux_x64/desktop/qt6_683/qt6_683/qt.qt6.683.linux_gcc_64/6.8.3-0-202503201345qttools-Linux-RHEL_8_10-GCC-Linux-RHEL_8_10-X86_64.7z
2026-08-04 21:47:32,764 - aqt.helper - INFO - helper 131446400045056 Downloading qtdeclarative...
2026-08-04 21:47:32,765 - aqt.installer - DEBUG - installer 131446400045056 Download URL: https://download.qt.io/online/qtsdkrepository/linux_x64/desktop/qt6_683/qt6_683/qt.qt6.683.linux_gcc_64/6.8.3-0-202503201345qtdeclarative-Linux-RHEL_8_10-GCC-Linux-RHEL_8_10-X86_64.7z
2026-08-04 21:47:33,358 - aqt.helper - DEBUG - helper 129576052981760 Asked to redirect(302) to: https://qt.mirror.constant.com/online/qtsdkrepository/linux_x64/desktop/qt6_683/qt6_683/qt.qt6.683.linux_gcc_64/6.8.3-0-202503201345qtbase-Linux-RHEL_8_10-GCC-Linux-RHEL_8_10-X86_64.7z
2026-08-04 21:47:33,358 - aqt.helper - DEBUG - helper 133234074972160 Asked to redirect(302) to: https://qt.mirror.constant.com/online/qtsdkrepository/linux_x64/desktop/qt6_683/qt6_683/qt.qt6.683.linux_gcc_64/6.8.3-0-202503201345qtsvg-Linux-RHEL_8_10-GCC-Linux-RHEL_8_10-X86_64.7z
2026-08-04 21:47:33,358 - aqt.helper - INFO - helper 133234074972160 Redirected: qt.mirror.constant.com
2026-08-04 21:47:33,358 - aqt.helper - INFO - helper 129576052981760 Redirected: qt.mirror.constant.com
2026-08-04 21:47:33,546 - aqt.helper - DEBUG - helper 131446400045056 Asked to redirect(302) to: https://qt.mirror.constant.com/online/qtsdkrepository/linux_x64/desktop/qt6_683/qt6_683/qt.qt6.683.linux_gcc_64/6.8.3-0-202503201345qtdeclarative-Linux-RHEL_8_10-GCC-Linux-RHEL_8_10-X86_64.7z
2026-08-04 21:47:33,546 - aqt.helper - DEBUG - helper 134766663049216 Asked to redirect(302) to: https://qt.mirror.constant.com/online/qtsdkrepository/linux_x64/desktop/qt6_683/qt6_683/qt.qt6.683.linux_gcc_64/6.8.3-0-202503201345qttools-Linux-RHEL_8_10-GCC-Linux-RHEL_8_10-X86_64.7z
2026-08-04 21:47:33,546 - aqt.helper - INFO - helper 131446400045056 Redirected: qt.mirror.constant.com
2026-08-04 21:47:33,546 - aqt.helper - INFO - helper 134766663049216 Redirected: qt.mirror.constant.com
2026-08-04 21:47:34,357 - aqt.installer - INFO - installer 133234074972160 Finished installation of qtsvg-Linux-RHEL_8_10-GCC-Linux-RHEL_8_10-X86_64.7z in 2.36724492
2026-08-04 21:47:34,377 - aqt.helper - DEBUG - helper 133234074972160 Attempt to download checksum at https://download.qt.io/online/qtsdkrepository/linux_x64/desktop/qt6_683/qt6_683/qt.qt6.683.linux_gcc_64/6.8.3-0-202503201345qttranslations-Linux-RHEL_8_10-GCC-Linux-RHEL_8_10-X86_64.7z.sha256
2026-08-04 21:47:35,210 - aqt.helper - INFO - helper 133234074972160 Downloading qttranslations...
2026-08-04 21:47:35,210 - aqt.installer - DEBUG - installer 133234074972160 Download URL: https://download.qt.io/online/qtsdkrepository/linux_x64/desktop/qt6_683/qt6_683/qt.qt6.683.linux_gcc_64/6.8.3-0-202503201345qttranslations-Linux-RHEL_8_10-GCC-Linux-RHEL_8_10-X86_64.7z
2026-08-04 21:47:36,338 - aqt.helper - DEBUG - helper 133234074972160 Asked to redirect(302) to: https://qt.mirror.constant.com/online/qtsdkrepository/linux_x64/desktop/qt6_683/qt6_683/qt.qt6.683.linux_gcc_64/6.8.3-0-202503201345qttranslations-Linux-RHEL_8_10-GCC-Linux-RHEL_8_10-X86_64.7z
2026-08-04 21:47:36,338 - aqt.helper - INFO - helper 133234074972160 Redirected: qt.mirror.constant.com
2026-08-04 21:47:39,262 - aqt.installer - INFO - installer 133234074972160 Finished installation of qttranslations-Linux-RHEL_8_10-GCC-Linux-RHEL_8_10-X86_64.7z in 4.89081710
2026-08-04 21:47:39,284 - aqt.helper - DEBUG - helper 133234074972160 Attempt to download checksum at https://download.qt.io/online/qtsdkrepository/linux_x64/desktop/qt6_683/qt6_683/qt.qt6.683.linux_gcc_64/6.8.3-0-202503201345qtwayland-Linux-RHEL_8_10-GCC-Linux-RHEL_8_10-X86_64.7z.sha256
2026-08-04 21:47:40,028 - aqt.helper - INFO - helper 133234074972160 Downloading qtwayland...
2026-08-04 21:47:40,028 - aqt.installer - DEBUG - installer 133234074972160 Download URL: https://download.qt.io/online/qtsdkrepository/linux_x64/desktop/qt6_683/qt6_683/qt.qt6.683.linux_gcc_64/6.8.3-0-202503201345qtwayland-Linux-RHEL_8_10-GCC-Linux-RHEL_8_10-X86_64.7z
2026-08-04 21:47:40,723 - aqt.helper - DEBUG - helper 133234074972160 Asked to redirect(302) to: https://qt.mirror.constant.com/online/qtsdkrepository/linux_x64/desktop/qt6_683/qt6_683/qt.qt6.683.linux_gcc_64/6.8.3-0-202503201345qtwayland-Linux-RHEL_8_10-GCC-Linux-RHEL_8_10-X86_64.7z
2026-08-04 21:47:40,723 - aqt.helper - INFO - helper 133234074972160 Redirected: qt.mirror.constant.com
2026-08-04 21:47:42,159 - aqt.installer - INFO - installer 133234074972160 Finished installation of qtwayland-Linux-RHEL_8_10-GCC-Linux-RHEL_8_10-X86_64.7z in 2.87871614
2026-08-04 21:47:42,180 - aqt.helper - DEBUG - helper 133234074972160 Attempt to download checksum at https://download.qt.io/online/qtsdkrepository/linux_x64/desktop/qt6_683/qt6_683/qt.qt6.683.linux_gcc_64/6.8.3-0-202503201345icu-linux-Rhel8.6-x86_64.7z.sha256
2026-08-04 21:47:43,001 - aqt.helper - INFO - helper 133234074972160 Downloading icu...
2026-08-04 21:47:43,001 - aqt.installer - DEBUG - installer 133234074972160 Download URL: https://download.qt.io/online/qtsdkrepository/linux_x64/desktop/qt6_683/qt6_683/qt.qt6.683.linux_gcc_64/6.8.3-0-202503201345icu-linux-Rhel8.6-x86_64.7z
2026-08-04 21:47:43,701 - aqt.helper - DEBUG - helper 133234074972160 Asked to redirect(302) to: https://qt.mirror.constant.com/online/qtsdkrepository/linux_x64/desktop/qt6_683/qt6_683/qt.qt6.683.linux_gcc_64/6.8.3-0-202503201345icu-linux-Rhel8.6-x86_64.7z
2026-08-04 21:47:43,701 - aqt.helper - INFO - helper 133234074972160 Redirected: qt.mirror.constant.com
2026-08-04 21:47:49,504 - aqt.installer - INFO - installer 133234074972160 Finished installation of icu-linux-Rhel8.6-x86_64.7z in 7.32784743
2026-08-04 21:48:16,406 - aqt.installer - INFO - installer 129576052981760 Finished installation of qtbase-Linux-RHEL_8_10-GCC-Linux-RHEL_8_10-X86_64.7z in 44.41829148
2026-08-04 21:48:22,391 - aqt.installer - INFO - installer 134766663049216 Finished installation of qttools-Linux-RHEL_8_10-GCC-Linux-RHEL_8_10-X86_64.7z in 50.36139820
2026-08-04 21:48:52,025 - aqt.installer - INFO - installer 131446400045056 Finished installation of qtdeclarative-Linux-RHEL_8_10-GCC-Linux-RHEL_8_10-X86_64.7z in 80.00000590
2026-08-04 21:48:52,213 - aqt.updater - INFO - updater 126754838396928 Patching /home/julian/Documents/jcut/.deps/qt/6.8.3/gcc_64/bin/qmake
2026-08-04 21:48:52,219 - aqt.updater - INFO - updater 126754838396928 Patching /home/julian/Documents/jcut/.deps/qt/6.8.3/gcc_64/lib/pkgconfig/Qt6QuickControls2Universal.pc
2026-08-04 21:48:52,219 - aqt.updater - INFO - updater 126754838396928 Patching /home/julian/Documents/jcut/.deps/qt/6.8.3/gcc_64/lib/pkgconfig/Qt6QuickControls2Fusion.pc
2026-08-04 21:48:52,220 - aqt.updater - INFO - updater 126754838396928 Patching /home/julian/Documents/jcut/.deps/qt/6.8.3/gcc_64/lib/pkgconfig/Qt6QmlMeta.pc
2026-08-04 21:48:52,220 - aqt.updater - INFO - updater 126754838396928 Patching /home/julian/Documents/jcut/.deps/qt/6.8.3/gcc_64/lib/pkgconfig/Qt6LabsWavefrontMesh.pc
2026-08-04 21:48:52,221 - aqt.updater - INFO - updater 126754838396928 Patching /home/julian/Documents/jcut/.deps/qt/6.8.3/gcc_64/lib/pkgconfig/Qt6QuickControls2Basic.pc
2026-08-04 21:48:52,221 - aqt.updater - INFO - updater 126754838396928 Patching /home/julian/Documents/jcut/.deps/qt/6.8.3/gcc_64/lib/pkgconfig/Qt6QuickDialogs2QuickImpl.pc
2026-08-04 21:48:52,222 - aqt.updater - INFO - updater 126754838396928 Patching /home/julian/Documents/jcut/.deps/qt/6.8.3/gcc_64/lib/pkgconfig/Qt6Gui.pc
2026-08-04 21:48:52,222 - aqt.updater - INFO - updater 126754838396928 Patching /home/julian/Documents/jcut/.deps/qt/6.8.3/gcc_64/lib/pkgconfig/Qt6QmlXmlListModel.pc
2026-08-04 21:48:52,222 - aqt.updater - INFO - updater 126754838396928 Patching /home/julian/Documents/jcut/.deps/qt/6.8.3/gcc_64/lib/pkgconfig/Qt6QmlCore.pc
2026-08-04 21:48:52,223 - aqt.updater - INFO - updater 126754838396928 Patching /home/julian/Documents/jcut/.deps/qt/6.8.3/gcc_64/lib/pkgconfig/Qt6Qml.pc
2026-08-04 21:48:52,223 - aqt.updater - INFO - updater 126754838396928 Patching /home/julian/Documents/jcut/.deps/qt/6.8.3/gcc_64/lib/pkgconfig/Qt6LabsFolderListModel.pc
2026-08-04 21:48:52,224 - aqt.updater - INFO - updater 126754838396928 Patching /home/julian/Documents/jcut/.deps/qt/6.8.3/gcc_64/lib/pkgconfig/Qt6Test.pc
2026-08-04 21:48:52,225 - aqt.updater - INFO - updater 126754838396928 Patching /home/julian/Documents/jcut/.deps/qt/6.8.3/gcc_64/lib/pkgconfig/Qt6UiTools.pc
2026-08-04 21:48:52,225 - aqt.updater - INFO - updater 126754838396928 Patching /home/julian/Documents/jcut/.deps/qt/6.8.3/gcc_64/lib/pkgconfig/Qt6QuickControls2Impl.pc
2026-08-04 21:48:52,226 - aqt.updater - INFO - updater 126754838396928 Patching /home/julian/Documents/jcut/.deps/qt/6.8.3/gcc_64/lib/pkgconfig/Qt6QuickVectorImage.pc
2026-08-04 21:48:52,227 - aqt.updater - INFO - updater 126754838396928 Patching /home/julian/Documents/jcut/.deps/qt/6.8.3/gcc_64/lib/pkgconfig/Qt6Designer.pc
2026-08-04 21:48:52,228 - aqt.updater - INFO - updater 126754838396928 Patching /home/julian/Documents/jcut/.deps/qt/6.8.3/gcc_64/lib/pkgconfig/Qt6QuickControls2BasicStyleImpl.pc
2026-08-04 21:48:52,228 - aqt.updater - INFO - updater 126754838396928 Patching /home/julian/Documents/jcut/.deps/qt/6.8.3/gcc_64/lib/pkgconfig/Qt6Widgets.pc
2026-08-04 21:48:52,229 - aqt.updater - INFO - updater 126754838396928 Patching /home/julian/Documents/jcut/.deps/qt/6.8.3/gcc_64/lib/pkgconfig/Qt6QmlAssetDownloader.pc
2026-08-04 21:48:52,230 - aqt.updater - INFO - updater 126754838396928 Patching /home/julian/Documents/jcut/.deps/qt/6.8.3/gcc_64/lib/pkgconfig/Qt6QuickWidgets.pc
2026-08-04 21:48:52,230 - aqt.updater - INFO - updater 126754838396928 Patching /home/julian/Documents/jcut/.deps/qt/6.8.3/gcc_64/lib/pkgconfig/Qt6Sql.pc
2026-08-04 21:48:52,231 - aqt.updater - INFO - updater 126754838396928 Patching /home/julian/Documents/jcut/.deps/qt/6.8.3/gcc_64/lib/pkgconfig/Qt6PrintSupport.pc
2026-08-04 21:48:52,231 - aqt.updater - INFO - updater 126754838396928 Patching /home/julian/Documents/jcut/.deps/qt/6.8.3/gcc_64/lib/pkgconfig/Qt6Platform.pc
2026-08-04 21:48:52,231 - aqt.updater - INFO - updater 126754838396928 Patching /home/julian/Documents/jcut/.deps/qt/6.8.3/gcc_64/lib/pkgconfig/Qt6QuickLayouts.pc
2026-08-04 21:48:52,232 - aqt.updater - INFO - updater 126754838396928 Patching /home/julian/Documents/jcut/.deps/qt/6.8.3/gcc_64/lib/pkgconfig/Qt6LabsSettings.pc
2026-08-04 21:48:52,232 - aqt.updater - INFO - updater 126754838396928 Patching /home/julian/Documents/jcut/.deps/qt/6.8.3/gcc_64/lib/pkgconfig/Qt6OpenGL.pc
2026-08-04 21:48:52,233 - aqt.updater - INFO - updater 126754838396928 Patching /home/julian/Documents/jcut/.deps/qt/6.8.3/gcc_64/lib/pkgconfig/Qt6QuickControls2UniversalStyleImpl.pc
2026-08-04 21:48:52,233 - aqt.updater - INFO - updater 126754838396928 Patching /home/julian/Documents/jcut/.deps/qt/6.8.3/gcc_64/lib/pkgconfig/Qt6QuickControls2Material.pc
2026-08-04 21:48:52,234 - aqt.updater - INFO - updater 126754838396928 Patching /home/julian/Documents/jcut/.deps/qt/6.8.3/gcc_64/lib/pkgconfig/Qt6LabsPlatform.pc
2026-08-04 21:48:52,234 - aqt.updater - INFO - updater 126754838396928 Patching /home/julian/Documents/jcut/.deps/qt/6.8.3/gcc_64/lib/pkgconfig/Qt6Xml.pc
2026-08-04 21:48:52,234 - aqt.updater - INFO - updater 126754838396928 Patching /home/julian/Documents/jcut/.deps/qt/6.8.3/gcc_64/lib/pkgconfig/Qt6QuickDialogs2Utils.pc
2026-08-04 21:48:52,235 - aqt.updater - INFO - updater 126754838396928 Patching /home/julian/Documents/jcut/.deps/qt/6.8.3/gcc_64/lib/pkgconfig/Qt6LabsQmlModels.pc
2026-08-04 21:48:52,235 - aqt.updater - INFO - updater 126754838396928 Patching /home/julian/Documents/jcut/.deps/qt/6.8.3/gcc_64/lib/pkgconfig/Qt6LabsAnimation.pc
2026-08-04 21:48:52,235 - aqt.updater - INFO - updater 126754838396928 Patching /home/julian/Documents/jcut/.deps/qt/6.8.3/gcc_64/lib/pkgconfig/Qt6QmlModels.pc
2026-08-04 21:48:52,236 - aqt.updater - INFO - updater 126754838396928 Patching /home/julian/Documents/jcut/.deps/qt/6.8.3/gcc_64/lib/pkgconfig/Qt6QmlIntegration.pc
2026-08-04 21:48:52,236 - aqt.updater - INFO - updater 126754838396928 Patching /home/julian/Documents/jcut/.deps/qt/6.8.3/gcc_64/lib/pkgconfig/Qt6QuickDialogs2.pc
2026-08-04 21:48:52,237 - aqt.updater - INFO - updater 126754838396928 Patching /home/julian/Documents/jcut/.deps/qt/6.8.3/gcc_64/lib/pkgconfig/Qt6Core.pc
2026-08-04 21:48:52,237 - aqt.updater - INFO - updater 126754838396928 Patching /home/julian/Documents/jcut/.deps/qt/6.8.3/gcc_64/lib/pkgconfig/Qt6QuickControls2MaterialStyleImpl.pc
2026-08-04 21:48:52,237 - aqt.updater - INFO - updater 126754838396928 Patching /home/julian/Documents/jcut/.deps/qt/6.8.3/gcc_64/lib/pkgconfig/Qt6DBus.pc
2026-08-04 21:48:52,238 - aqt.updater - INFO - updater 126754838396928 Patching /home/julian/Documents/jcut/.deps/qt/6.8.3/gcc_64/lib/pkgconfig/Qt6UiPlugin.pc
2026-08-04 21:48:52,238 - aqt.updater - INFO - updater 126754838396928 Patching /home/julian/Documents/jcut/.deps/qt/6.8.3/gcc_64/lib/pkgconfig/Qt6Svg.pc
2026-08-04 21:48:52,239 - aqt.updater - INFO - updater 126754838396928 Patching /home/julian/Documents/jcut/.deps/qt/6.8.3/gcc_64/lib/pkgconfig/Qt6QmlCompiler.pc
2026-08-04 21:48:52,239 - aqt.updater - INFO - updater 126754838396928 Patching /home/julian/Documents/jcut/.deps/qt/6.8.3/gcc_64/lib/pkgconfig/Qt6QuickTemplates2.pc
2026-08-04 21:48:52,240 - aqt.updater - INFO - updater 126754838396928 Patching /home/julian/Documents/jcut/.deps/qt/6.8.3/gcc_64/lib/pkgconfig/Qt6QuickControls2ImagineStyleImpl.pc
2026-08-04 21:48:52,240 - aqt.updater - INFO - updater 126754838396928 Patching /home/julian/Documents/jcut/.deps/qt/6.8.3/gcc_64/lib/pkgconfig/Qt6Help.pc
2026-08-04 21:48:52,241 - aqt.updater - INFO - updater 126754838396928 Patching /home/julian/Documents/jcut/.deps/qt/6.8.3/gcc_64/lib/pkgconfig/Qt6QmlLocalStorage.pc
2026-08-04 21:48:52,241 - aqt.updater - INFO - updater 126754838396928 Patching /home/julian/Documents/jcut/.deps/qt/6.8.3/gcc_64/lib/pkgconfig/Qt6OpenGLWidgets.pc
2026-08-04 21:48:52,242 - aqt.updater - INFO - updater 126754838396928 Patching /home/julian/Documents/jcut/.deps/qt/6.8.3/gcc_64/lib/pkgconfig/Qt6QuickControls2.pc
2026-08-04 21:48:52,242 - aqt.updater - INFO - updater 126754838396928 Patching /home/julian/Documents/jcut/.deps/qt/6.8.3/gcc_64/lib/pkgconfig/Qt6LabsSharedImage.pc
2026-08-04 21:48:52,243 - aqt.updater - INFO - updater 126754838396928 Patching /home/julian/Documents/jcut/.deps/qt/6.8.3/gcc_64/lib/pkgconfig/Qt6QuickControls2FluentWinUI3StyleImpl.pc
2026-08-04 21:48:52,244 - aqt.updater - INFO - updater 126754838396928 Patching /home/julian/Documents/jcut/.deps/qt/6.8.3/gcc_64/lib/pkgconfig/Qt6Quick.pc
2026-08-04 21:48:52,245 - aqt.updater - INFO - updater 126754838396928 Patching /home/julian/Documents/jcut/.deps/qt/6.8.3/gcc_64/lib/pkgconfig/Qt6QuickTest.pc
2026-08-04 21:48:52,245 - aqt.updater - INFO - updater 126754838396928 Patching /home/julian/Documents/jcut/.deps/qt/6.8.3/gcc_64/lib/pkgconfig/Qt6SvgWidgets.pc
2026-08-04 21:48:52,246 - aqt.updater - INFO - updater 126754838396928 Patching /home/julian/Documents/jcut/.deps/qt/6.8.3/gcc_64/lib/pkgconfig/Qt6Linguist.pc
2026-08-04 21:48:52,246 - aqt.updater - INFO - updater 126754838396928 Patching /home/julian/Documents/jcut/.deps/qt/6.8.3/gcc_64/lib/pkgconfig/Qt6QmlNetwork.pc
2026-08-04 21:48:52,247 - aqt.updater - INFO - updater 126754838396928 Patching /home/julian/Documents/jcut/.deps/qt/6.8.3/gcc_64/lib/pkgconfig/Qt6Network.pc
2026-08-04 21:48:52,247 - aqt.updater - INFO - updater 126754838396928 Patching /home/julian/Documents/jcut/.deps/qt/6.8.3/gcc_64/lib/pkgconfig/Qt6Concurrent.pc
2026-08-04 21:48:52,248 - aqt.updater - INFO - updater 126754838396928 Patching /home/julian/Documents/jcut/.deps/qt/6.8.3/gcc_64/lib/pkgconfig/Qt6QmlWorkerScript.pc
2026-08-04 21:48:52,248 - aqt.updater - INFO - updater 126754838396928 Patching /home/julian/Documents/jcut/.deps/qt/6.8.3/gcc_64/lib/pkgconfig/Qt6WaylandClient.pc
2026-08-04 21:48:52,249 - aqt.updater - INFO - updater 126754838396928 Patching /home/julian/Documents/jcut/.deps/qt/6.8.3/gcc_64/lib/pkgconfig/Qt6QuickControls2Imagine.pc
2026-08-04 21:48:52,249 - aqt.updater - INFO - updater 126754838396928 Patching /home/julian/Documents/jcut/.deps/qt/6.8.3/gcc_64/lib/pkgconfig/Qt6QuickControls2FusionStyleImpl.pc
2026-08-04 21:48:52,251 - aqt.updater - INFO - updater 126754838396928 Patching /home/julian/Documents/jcut/.deps/qt/6.8.3/gcc_64/lib/libQt6QuickControls2FluentWinUI3StyleImpl.prl
2026-08-04 21:48:52,252 - aqt.updater - INFO - updater 126754838396928 Patching /home/julian/Documents/jcut/.deps/qt/6.8.3/gcc_64/lib/libQt6QmlDebug.prl
2026-08-04 21:48:52,253 - aqt.updater - INFO - updater 126754838396928 Patching /home/julian/Documents/jcut/.deps/qt/6.8.3/gcc_64/lib/libQt6InputSupport.prl
2026-08-04 21:48:52,254 - aqt.updater - INFO - updater 126754838396928 Patching /home/julian/Documents/jcut/.deps/qt/6.8.3/gcc_64/lib/libQt6LabsAnimation.prl
2026-08-04 21:48:52,255 - aqt.updater - INFO - updater 126754838396928 Patching /home/julian/Documents/jcut/.deps/qt/6.8.3/gcc_64/lib/libQt6Widgets.prl
2026-08-04 21:48:52,255 - aqt.updater - INFO - updater 126754838396928 Patching /home/julian/Documents/jcut/.deps/qt/6.8.3/gcc_64/lib/libQt6QuickControls2BasicStyleImpl.prl
2026-08-04 21:48:52,256 - aqt.updater - INFO - updater 126754838396928 Patching /home/julian/Documents/jcut/.deps/qt/6.8.3/gcc_64/lib/libQt6DesignerComponents.prl
2026-08-04 21:48:52,257 - aqt.updater - INFO - updater 126754838396928 Patching /home/julian/Documents/jcut/.deps/qt/6.8.3/gcc_64/lib/libQt6QuickTestUtils.prl
2026-08-04 21:48:52,257 - aqt.updater - INFO - updater 126754838396928 Patching /home/julian/Documents/jcut/.deps/qt/6.8.3/gcc_64/lib/libQt6ExampleIcons.prl
2026-08-04 21:48:52,258 - aqt.updater - INFO - updater 126754838396928 Patching /home/julian/Documents/jcut/.deps/qt/6.8.3/gcc_64/lib/libQt6QuickDialogs2QuickImpl.prl
2026-08-04 21:48:52,258 - aqt.updater - INFO - updater 126754838396928 Patching /home/julian/Documents/jcut/.deps/qt/6.8.3/gcc_64/lib/libQt6Network.prl
2026-08-04 21:48:52,259 - aqt.updater - INFO - updater 126754838396928 Patching /home/julian/Documents/jcut/.deps/qt/6.8.3/gcc_64/lib/libQt6Help.prl
2026-08-04 21:48:52,259 - aqt.updater - INFO - updater 126754838396928 Patching /home/julian/Documents/jcut/.deps/qt/6.8.3/gcc_64/lib/libQt6QuickControls2Basic.prl
2026-08-04 21:48:52,260 - aqt.updater - INFO - updater 126754838396928 Patching /home/julian/Documents/jcut/.deps/qt/6.8.3/gcc_64/lib/libQt6EglFSDeviceIntegration.prl
2026-08-04 21:48:52,260 - aqt.updater - INFO - updater 126754838396928 Patching /home/julian/Documents/jcut/.deps/qt/6.8.3/gcc_64/lib/libQt6QuickControls2UniversalStyleImpl.prl
2026-08-04 21:48:52,261 - aqt.updater - INFO - updater 126754838396928 Patching /home/julian/Documents/jcut/.deps/qt/6.8.3/gcc_64/lib/libQt6XcbQpa.prl
2026-08-04 21:48:52,261 - aqt.updater - INFO - updater 126754838396928 Patching /home/julian/Documents/jcut/.deps/qt/6.8.3/gcc_64/lib/libQt6DBus.prl
2026-08-04 21:48:52,261 - aqt.updater - INFO - updater 126754838396928 Patching /home/julian/Documents/jcut/.deps/qt/6.8.3/gcc_64/lib/libQt6QmlLS.prl
2026-08-04 21:48:52,262 - aqt.updater - INFO - updater 126754838396928 Patching /home/julian/Documents/jcut/.deps/qt/6.8.3/gcc_64/lib/libQt6Quick.prl
2026-08-04 21:48:52,262 - aqt.updater - INFO - updater 126754838396928 Patching /home/julian/Documents/jcut/.deps/qt/6.8.3/gcc_64/lib/libQt6KmsSupport.prl
2026-08-04 21:48:52,263 - aqt.updater - INFO - updater 126754838396928 Patching /home/julian/Documents/jcut/.deps/qt/6.8.3/gcc_64/lib/libQt6OpenGL.prl
2026-08-04 21:48:52,263 - aqt.updater - INFO - updater 126754838396928 Patching /home/julian/Documents/jcut/.deps/qt/6.8.3/gcc_64/lib/libQt6OpenGLWidgets.prl
2026-08-04 21:48:52,263 - aqt.updater - INFO - updater 126754838396928 Patching /home/julian/Documents/jcut/.deps/qt/6.8.3/gcc_64/lib/libQt6SvgWidgets.prl
2026-08-04 21:48:52,264 - aqt.updater - INFO - updater 126754838396928 Patching /home/julian/Documents/jcut/.deps/qt/6.8.3/gcc_64/lib/libQt6LabsQmlModels.prl
2026-08-04 21:48:52,264 - aqt.updater - INFO - updater 126754838396928 Patching /home/julian/Documents/jcut/.deps/qt/6.8.3/gcc_64/lib/libQt6Concurrent.prl
2026-08-04 21:48:52,265 - aqt.updater - INFO - updater 126754838396928 Patching /home/julian/Documents/jcut/.deps/qt/6.8.3/gcc_64/lib/libQt6DeviceDiscoverySupport.prl
2026-08-04 21:48:52,265 - aqt.updater - INFO - updater 126754838396928 Patching /home/julian/Documents/jcut/.deps/qt/6.8.3/gcc_64/lib/libQt6QuickControls2Imagine.prl
2026-08-04 21:48:52,266 - aqt.updater - INFO - updater 126754838396928 Patching /home/julian/Documents/jcut/.deps/qt/6.8.3/gcc_64/lib/libQt6QmlDom.prl
2026-08-04 21:48:52,266 - aqt.updater - INFO - updater 126754838396928 Patching /home/julian/Documents/jcut/.deps/qt/6.8.3/gcc_64/lib/libQt6Qml.prl
2026-08-04 21:48:52,267 - aqt.updater - INFO - updater 126754838396928 Patching /home/julian/Documents/jcut/.deps/qt/6.8.3/gcc_64/lib/libQt6QuickControls2MaterialStyleImpl.prl
2026-08-04 21:48:52,267 - aqt.updater - INFO - updater 126754838396928 Patching /home/julian/Documents/jcut/.deps/qt/6.8.3/gcc_64/lib/libQt6QuickControls2Fusion.prl
2026-08-04 21:48:52,268 - aqt.updater - INFO - updater 126754838396928 Patching /home/julian/Documents/jcut/.deps/qt/6.8.3/gcc_64/lib/libQt6LabsFolderListModel.prl
2026-08-04 21:48:52,268 - aqt.updater - INFO - updater 126754838396928 Patching /home/julian/Documents/jcut/.deps/qt/6.8.3/gcc_64/lib/libQt6FbSupport.prl
2026-08-04 21:48:52,269 - aqt.updater - INFO - updater 126754838396928 Patching /home/julian/Documents/jcut/.deps/qt/6.8.3/gcc_64/lib/libQt6Designer.prl
2026-08-04 21:48:52,269 - aqt.updater - INFO - updater 126754838396928 Patching /home/julian/Documents/jcut/.deps/qt/6.8.3/gcc_64/lib/libQt6ExamplesAssetDownloader.prl
2026-08-04 21:48:52,270 - aqt.updater - INFO - updater 126754838396928 Patching /home/julian/Documents/jcut/.deps/qt/6.8.3/gcc_64/lib/libQt6QmlTypeRegistrar.prl
2026-08-04 21:48:52,271 - aqt.updater - INFO - updater 126754838396928 Patching /home/julian/Documents/jcut/.deps/qt/6.8.3/gcc_64/lib/libQt6WlShellIntegration.prl
2026-08-04 21:48:52,271 - aqt.updater - INFO - updater 126754838396928 Patching /home/julian/Documents/jcut/.deps/qt/6.8.3/gcc_64/lib/libQt6LabsPlatform.prl
2026-08-04 21:48:52,272 - aqt.updater - INFO - updater 126754838396928 Patching /home/julian/Documents/jcut/.deps/qt/6.8.3/gcc_64/lib/libQt6LabsSettings.prl
2026-08-04 21:48:52,272 - aqt.updater - INFO - updater 126754838396928 Patching /home/julian/Documents/jcut/.deps/qt/6.8.3/gcc_64/lib/libQt6QuickVectorImage.prl
2026-08-04 21:48:52,273 - aqt.updater - INFO - updater 126754838396928 Patching /home/julian/Documents/jcut/.deps/qt/6.8.3/gcc_64/lib/libQt6QuickControls2Universal.prl
2026-08-04 21:48:52,273 - aqt.updater - INFO - updater 126754838396928 Patching /home/julian/Documents/jcut/.deps/qt/6.8.3/gcc_64/lib/libQt6Test.prl
2026-08-04 21:48:52,274 - aqt.updater - INFO - updater 126754838396928 Patching /home/julian/Documents/jcut/.deps/qt/6.8.3/gcc_64/lib/libQt6QmlMeta.prl
2026-08-04 21:48:52,274 - aqt.updater - INFO - updater 126754838396928 Patching /home/julian/Documents/jcut/.deps/qt/6.8.3/gcc_64/lib/libQt6QuickVectorImageGenerator.prl
2026-08-04 21:48:52,275 - aqt.updater - INFO - updater 126754838396928 Patching /home/julian/Documents/jcut/.deps/qt/6.8.3/gcc_64/lib/libQt6Gui.prl
2026-08-04 21:48:52,275 - aqt.updater - INFO - updater 126754838396928 Patching /home/julian/Documents/jcut/.deps/qt/6.8.3/gcc_64/lib/libQt6QmlCompiler.prl
2026-08-04 21:48:52,275 - aqt.updater - INFO - updater 126754838396928 Patching /home/julian/Documents/jcut/.deps/qt/6.8.3/gcc_64/lib/libQt6QuickTest.prl
2026-08-04 21:48:52,276 - aqt.updater - INFO - updater 126754838396928 Patching /home/julian/Documents/jcut/.deps/qt/6.8.3/gcc_64/lib/libQt6QuickControls2Material.prl
2026-08-04 21:48:52,276 - aqt.updater - INFO - updater 126754838396928 Patching /home/julian/Documents/jcut/.deps/qt/6.8.3/gcc_64/lib/libQt6EglFsKmsSupport.prl
2026-08-04 21:48:52,277 - aqt.updater - INFO - updater 126754838396928 Patching /home/julian/Documents/jcut/.deps/qt/6.8.3/gcc_64/lib/libQt6LabsSharedImage.prl
2026-08-04 21:48:52,277 - aqt.updater - INFO - updater 126754838396928 Patching /home/julian/Documents/jcut/.deps/qt/6.8.3/gcc_64/lib/libQt6WaylandClient.prl
2026-08-04 21:48:52,278 - aqt.updater - INFO - updater 126754838396928 Patching /home/julian/Documents/jcut/.deps/qt/6.8.3/gcc_64/lib/libQt6QuickControls2.prl
2026-08-04 21:48:52,278 - aqt.updater - INFO - updater 126754838396928 Patching /home/julian/Documents/jcut/.deps/qt/6.8.3/gcc_64/lib/libQt6QuickEffects.prl
2026-08-04 21:48:52,279 - aqt.updater - INFO - updater 126754838396928 Patching /home/julian/Documents/jcut/.deps/qt/6.8.3/gcc_64/lib/libQt6QmlXmlListModel.prl
2026-08-04 21:48:52,279 - aqt.updater - INFO - updater 126754838396928 Patching /home/julian/Documents/jcut/.deps/qt/6.8.3/gcc_64/lib/libQt6QuickShapes.prl
2026-08-04 21:48:52,279 - aqt.updater - INFO - updater 126754838396928 Patching /home/julian/Documents/jcut/.deps/qt/6.8.3/gcc_64/lib/libQt6QmlWorkerScript.prl
2026-08-04 21:48:52,280 - aqt.updater - INFO - updater 126754838396928 Patching /home/julian/Documents/jcut/.deps/qt/6.8.3/gcc_64/lib/libQt6QuickControls2FusionStyleImpl.prl
2026-08-04 21:48:52,280 - aqt.updater - INFO - updater 126754838396928 Patching /home/julian/Documents/jcut/.deps/qt/6.8.3/gcc_64/lib/libQt6QuickDialogs2Utils.prl
2026-08-04 21:48:52,280 - aqt.updater - INFO - updater 126754838396928 Patching /home/julian/Documents/jcut/.deps/qt/6.8.3/gcc_64/lib/libQt6QuickControlsTestUtils.prl
2026-08-04 21:48:52,281 - aqt.updater - INFO - updater 126754838396928 Patching /home/julian/Documents/jcut/.deps/qt/6.8.3/gcc_64/lib/libQt6Sql.prl
2026-08-04 21:48:52,281 - aqt.updater - INFO - updater 126754838396928 Patching /home/julian/Documents/jcut/.deps/qt/6.8.3/gcc_64/lib/libQt6QuickControls2ImagineStyleImpl.prl
2026-08-04 21:48:52,282 - aqt.updater - INFO - updater 126754838396928 Patching /home/julian/Documents/jcut/.deps/qt/6.8.3/gcc_64/lib/libQt6Svg.prl
2026-08-04 21:48:52,282 - aqt.updater - INFO - updater 126754838396928 Patching /home/julian/Documents/jcut/.deps/qt/6.8.3/gcc_64/lib/libQt6QuickDialogs2.prl
2026-08-04 21:48:52,283 - aqt.updater - INFO - updater 126754838396928 Patching /home/julian/Documents/jcut/.deps/qt/6.8.3/gcc_64/lib/libQt6QmlAssetDownloader.prl
2026-08-04 21:48:52,283 - aqt.updater - INFO - updater 126754838396928 Patching /home/julian/Documents/jcut/.deps/qt/6.8.3/gcc_64/lib/libQt6Core.prl
2026-08-04 21:48:52,283 - aqt.updater - INFO - updater 126754838396928 Patching /home/julian/Documents/jcut/.deps/qt/6.8.3/gcc_64/lib/libQt6QmlToolingSettings.prl
2026-08-04 21:48:52,284 - aqt.updater - INFO - updater 126754838396928 Patching /home/julian/Documents/jcut/.deps/qt/6.8.3/gcc_64/lib/libQt6LabsWavefrontMesh.prl
2026-08-04 21:48:52,284 - aqt.updater - INFO - updater 126754838396928 Patching /home/julian/Documents/jcut/.deps/qt/6.8.3/gcc_64/lib/libQt6PrintSupport.prl
2026-08-04 21:48:52,285 - aqt.updater - INFO - updater 126754838396928 Patching /home/julian/Documents/jcut/.deps/qt/6.8.3/gcc_64/lib/libQt6EglFsKmsGbmSupport.prl
2026-08-04 21:48:52,285 - aqt.updater - INFO - updater 126754838396928 Patching /home/julian/Documents/jcut/.deps/qt/6.8.3/gcc_64/lib/libQt6QmlModels.prl
2026-08-04 21:48:52,286 - aqt.updater - INFO - updater 126754838396928 Patching /home/julian/Documents/jcut/.deps/qt/6.8.3/gcc_64/lib/libQt6Xml.prl
2026-08-04 21:48:52,287 - aqt.updater - INFO - updater 126754838396928 Patching /home/julian/Documents/jcut/.deps/qt/6.8.3/gcc_64/lib/libQt6QuickControls2Impl.prl
2026-08-04 21:48:52,287 - aqt.updater - INFO - updater 126754838396928 Patching /home/julian/Documents/jcut/.deps/qt/6.8.3/gcc_64/lib/libQt6WaylandEglClientHwIntegration.prl
2026-08-04 21:48:52,288 - aqt.updater - INFO - updater 126754838396928 Patching /home/julian/Documents/jcut/.deps/qt/6.8.3/gcc_64/lib/libQt6QuickParticles.prl
2026-08-04 21:48:52,289 - aqt.updater - INFO - updater 126754838396928 Patching /home/julian/Documents/jcut/.deps/qt/6.8.3/gcc_64/lib/libQt6QmlNetwork.prl
2026-08-04 21:48:52,289 - aqt.updater - INFO - updater 126754838396928 Patching /home/julian/Documents/jcut/.deps/qt/6.8.3/gcc_64/lib/libQt6QuickWidgets.prl
2026-08-04 21:48:52,290 - aqt.updater - INFO - updater 126754838396928 Patching /home/julian/Documents/jcut/.deps/qt/6.8.3/gcc_64/lib/libQt6QmlLocalStorage.prl
2026-08-04 21:48:52,291 - aqt.updater - INFO - updater 126754838396928 Patching /home/julian/Documents/jcut/.deps/qt/6.8.3/gcc_64/lib/libQt6QmlCore.prl
2026-08-04 21:48:52,291 - aqt.updater - INFO - updater 126754838396928 Patching /home/julian/Documents/jcut/.deps/qt/6.8.3/gcc_64/lib/libQt6QuickTemplates2.prl
2026-08-04 21:48:52,291 - aqt.updater - INFO - updater 126754838396928 Patching /home/julian/Documents/jcut/.deps/qt/6.8.3/gcc_64/lib/libQt6QuickLayouts.prl
2026-08-04 21:48:52,292 - aqt.updater - INFO - updater 126754838396928 Patching /home/julian/Documents/jcut/.deps/qt/6.8.3/gcc_64/lib/libQt6UiTools.prl
2026-08-04 21:48:52,292 - aqt.updater - INFO - updater 126754838396928 Patching /home/julian/Documents/jcut/.deps/qt/6.8.3/gcc_64/lib/libQt6PacketProtocol.prl
2026-08-04 21:48:52,293 - aqt.main - INFO - installer 126754838396928 Finished installation
2026-08-04 21:48:52,293 - aqt.main - INFO - installer 126754838396928 Time elapsed: 85.94633704 second
